../Core/Src/main.c:86:5:convInt	120	static
../Core/Src/main.c:94:6:lcd_send_cmd	32	static
../Core/Src/main.c:107:6:lcd_send_data	32	static
../Core/Src/main.c:120:6:lcd_init	8	static
../Core/Src/main.c:146:6:lcd_clear	16	static
../Core/Src/main.c:155:6:lcd_put_cur	16	static
../Core/Src/main.c:169:6:lcd_send_string	16	static
../Core/Src/main.c:175:6:showLCD	24	static
../Core/Src/main.c:189:5:main	160	static
../Core/Src/main.c:278:6:SystemClock_Config	88	static
../Core/Src/main.c:325:13:MX_ADC1_Init	24	static
../Core/Src/main.c:404:13:MX_I2C1_Init	8	static
../Core/Src/main.c:438:13:MX_TIM2_Init	32	static
../Core/Src/main.c:483:13:MX_USART2_UART_Init	8	static
../Core/Src/main.c:514:13:MX_DMA_Init	16	static
../Core/Src/main.c:532:13:MX_GPIO_Init	48	static
../Core/Src/main.c:582:6:Error_Handler	4	static,ignoring_inline_asm
